// Jest Snapshot v1, https://goo.gl/fbAQLP

exports[`renders correctly 1`] = `
<RCTScrollView
  contentContainerStyle={
    {
      "flexGrow": 1,
      "padding": 20,
    }
  }
>
  <View>
    <Text>
      welcome
    </Text>
    <View
      style={
        {
          "backgroundColor": "#f6c2ac",
          "borderColor": "#D84315",
          "borderRadius": 5,
          "borderWidth": 1,
          "flex": 1,
          "flexDirection": "column",
          "flexGrow": 1,
          "flexShrink": 0,
          "justifyContent": "space-between",
          "marginBottom": 10,
          "padding": 20,
        }
      }
    >
      <View>
        <Text
          style={
            {
              "color": "#D84315",
              "fontSize": 20,
              "fontWeight": "normal",
            }
          }
          testID="cardHeader"
        >
          spirit
        </Text>
        <Text>
          landing date:
          <Text
            style={
              {
                "color": "#212121",
                "fontSize": 16,
                "fontWeight": "bold",
              }
            }
          >
            2004-01-04
          </Text>
        </Text>
        <Text>
          status: 
          <Text
            style={
              {
                "color": "#212121",
                "fontSize": 16,
                "fontWeight": "bold",
              }
            }
          >
            complete
          </Text>
        </Text>
        <Text>
          launch date: 
          <Text
            style={
              {
                "color": "#212121",
                "fontSize": 16,
                "fontWeight": "bold",
              }
            }
          >
            2003-06-10
          </Text>
        </Text>
        <Text>
          max date: 
          <Text
            style={
              {
                "color": "#212121",
                "fontSize": 16,
                "fontWeight": "bold",
              }
            }
          >
            2010-03-21
          </Text>
        </Text>
        <Text>
          max sol: 
          <Text
            style={
              {
                "color": "#212121",
                "fontSize": 16,
                "fontWeight": "bold",
              }
            }
          >
            2208
          </Text>
        </Text>
        <Text>
          total photos:
          <Text
            style={
              {
                "color": "#212121",
                "fontSize": 16,
                "fontWeight": "bold",
              }
            }
          >
            124550
          </Text>
        </Text>
        <View
          accessibilityState={
            {
              "busy": undefined,
              "checked": undefined,
              "disabled": undefined,
              "expanded": undefined,
              "selected": undefined,
            }
          }
          accessibilityValue={
            {
              "max": undefined,
              "min": undefined,
              "now": undefined,
              "text": undefined,
            }
          }
          accessible={true}
          collapsable={false}
          focusable={true}
          onClick={[Function]}
          onResponderGrant={[Function]}
          onResponderMove={[Function]}
          onResponderRelease={[Function]}
          onResponderTerminate={[Function]}
          onResponderTerminationRequest={[Function]}
          onStartShouldSetResponder={[Function]}
          style={
            {
              "opacity": 1,
            }
          }
        >
          <Text
            style={
              {
                "color": "#D84315",
                "fontSize": 16,
                "fontWeight": "normal",
                "textDecorationColor": "#D84315",
                "textDecorationLine": "underline",
              }
            }
          >
            spirit
             on wikipedia
          </Text>
        </View>
      </View>
    </View>
    <View
      style={
        {
          "backgroundColor": "#f6c2ac",
          "borderColor": "#D84315",
          "borderRadius": 5,
          "borderWidth": 1,
          "flex": 1,
          "flexDirection": "column",
          "flexGrow": 1,
          "flexShrink": 0,
          "justifyContent": "space-between",
          "marginBottom": 10,
          "padding": 20,
        }
      }
    >
      <View>
        <Text
          style={
            {
              "color": "#D84315",
              "fontSize": 20,
              "fontWeight": "normal",
            }
          }
          testID="cardHeader"
        >
          opportunity
        </Text>
        <Text>
          landing date:
          <Text
            style={
              {
                "color": "#212121",
                "fontSize": 16,
                "fontWeight": "bold",
              }
            }
          >
            2004-01-04
          </Text>
        </Text>
        <Text>
          status: 
          <Text
            style={
              {
                "color": "#212121",
                "fontSize": 16,
                "fontWeight": "bold",
              }
            }
          >
            complete
          </Text>
        </Text>
        <Text>
          launch date: 
          <Text
            style={
              {
                "color": "#212121",
                "fontSize": 16,
                "fontWeight": "bold",
              }
            }
          >
            2003-06-10
          </Text>
        </Text>
        <Text>
          max date: 
          <Text
            style={
              {
                "color": "#212121",
                "fontSize": 16,
                "fontWeight": "bold",
              }
            }
          >
            2010-03-21
          </Text>
        </Text>
        <Text>
          max sol: 
          <Text
            style={
              {
                "color": "#212121",
                "fontSize": 16,
                "fontWeight": "bold",
              }
            }
          >
            2208
          </Text>
        </Text>
        <Text>
          total photos:
          <Text
            style={
              {
                "color": "#212121",
                "fontSize": 16,
                "fontWeight": "bold",
              }
            }
          >
            124550
          </Text>
        </Text>
        <View
          accessibilityState={
            {
              "busy": undefined,
              "checked": undefined,
              "disabled": undefined,
              "expanded": undefined,
              "selected": undefined,
            }
          }
          accessibilityValue={
            {
              "max": undefined,
              "min": undefined,
              "now": undefined,
              "text": undefined,
            }
          }
          accessible={true}
          collapsable={false}
          focusable={true}
          onClick={[Function]}
          onResponderGrant={[Function]}
          onResponderMove={[Function]}
          onResponderRelease={[Function]}
          onResponderTerminate={[Function]}
          onResponderTerminationRequest={[Function]}
          onStartShouldSetResponder={[Function]}
          style={
            {
              "opacity": 1,
            }
          }
        >
          <Text
            style={
              {
                "color": "#D84315",
                "fontSize": 16,
                "fontWeight": "normal",
                "textDecorationColor": "#D84315",
                "textDecorationLine": "underline",
              }
            }
          >
            opportunity
             on wikipedia
          </Text>
        </View>
      </View>
    </View>
    <View
      style={
        {
          "backgroundColor": "#f6c2ac",
          "borderColor": "#D84315",
          "borderRadius": 5,
          "borderWidth": 1,
          "flex": 1,
          "flexDirection": "column",
          "flexGrow": 1,
          "flexShrink": 0,
          "justifyContent": "space-between",
          "marginBottom": 10,
          "padding": 20,
        }
      }
    >
      <View>
        <Text
          style={
            {
              "color": "#D84315",
              "fontSize": 20,
              "fontWeight": "normal",
            }
          }
          testID="cardHeader"
        >
          curiosity
        </Text>
        <Text>
          landing date:
          <Text
            style={
              {
                "color": "#212121",
                "fontSize": 16,
                "fontWeight": "bold",
              }
            }
          >
            2004-01-04
          </Text>
        </Text>
        <Text>
          status: 
          <Text
            style={
              {
                "color": "#212121",
                "fontSize": 16,
                "fontWeight": "bold",
              }
            }
          >
            active
          </Text>
        </Text>
        <Text>
          launch date: 
          <Text
            style={
              {
                "color": "#212121",
                "fontSize": 16,
                "fontWeight": "bold",
              }
            }
          >
            2003-06-10
          </Text>
        </Text>
        <Text>
          max date: 
          <Text
            style={
              {
                "color": "#212121",
                "fontSize": 16,
                "fontWeight": "bold",
              }
            }
          >
            2010-03-21
          </Text>
        </Text>
        <Text>
          max sol: 
          <Text
            style={
              {
                "color": "#212121",
                "fontSize": 16,
                "fontWeight": "bold",
              }
            }
          >
            2208
          </Text>
        </Text>
        <Text>
          total photos:
          <Text
            style={
              {
                "color": "#212121",
                "fontSize": 16,
                "fontWeight": "bold",
              }
            }
          >
            124550
          </Text>
        </Text>
        <View
          accessibilityState={
            {
              "busy": undefined,
              "checked": undefined,
              "disabled": undefined,
              "expanded": undefined,
              "selected": undefined,
            }
          }
          accessibilityValue={
            {
              "max": undefined,
              "min": undefined,
              "now": undefined,
              "text": undefined,
            }
          }
          accessible={true}
          collapsable={false}
          focusable={true}
          onClick={[Function]}
          onResponderGrant={[Function]}
          onResponderMove={[Function]}
          onResponderRelease={[Function]}
          onResponderTerminate={[Function]}
          onResponderTerminationRequest={[Function]}
          onStartShouldSetResponder={[Function]}
          style={
            {
              "opacity": 1,
            }
          }
        >
          <Text
            style={
              {
                "color": "#D84315",
                "fontSize": 16,
                "fontWeight": "normal",
                "textDecorationColor": "#D84315",
                "textDecorationLine": "underline",
              }
            }
          >
            curiosity
             on wikipedia
          </Text>
        </View>
      </View>
    </View>
    <Text />
  </View>
</RCTScrollView>
`;
